  Determining projects to restore...
C:\Users\dell\source\repos\DCMS\DCMS.Application\DCMS.Application.csproj : warning NU1903: Package 'AutoMapper' 13.0.1 has a known high severity vulnerability, https://github.com/advisories/GHSA-rvv3-g6hj-g44x [C:\Users\dell\source\repos\DCMS\DCMS.slnx]
C:\Users\dell\source\repos\DCMS\DCMS.WebAPI\DCMS.WebAPI.csproj : warning NU1903: Package 'AutoMapper' 13.0.1 has a known high severity vulnerability, https://github.com/advisories/GHSA-rvv3-g6hj-g44x [C:\Users\dell\source\repos\DCMS\DCMS.slnx]
C:\Users\dell\source\repos\DCMS\DCMS.WebAPI\DCMS.WebAPI.csproj : warning NU1903: Package 'Newtonsoft.Json' 11.0.1 has a known high severity vulnerability, https://github.com/advisories/GHSA-5crp-9r3c-p9vr [C:\Users\dell\source\repos\DCMS\DCMS.slnx]
C:\Users\dell\source\repos\DCMS\DCMS.Infrastructure\DCMS.Infrastructure.csproj : warning NU1903: Package 'AutoMapper' 13.0.1 has a known high severity vulnerability, https://github.com/advisories/GHSA-rvv3-g6hj-g44x [C:\Users\dell\source\repos\DCMS\DCMS.slnx]
C:\Users\dell\source\repos\DCMS\DCMS.Infrastructure\DCMS.Infrastructure.csproj : warning NU1903: Package 'Newtonsoft.Json' 11.0.1 has a known high severity vulnerability, https://github.com/advisories/GHSA-5crp-9r3c-p9vr [C:\Users\dell\source\repos\DCMS\DCMS.slnx]
  All projects are up-to-date for restore.
C:\Users\dell\source\repos\DCMS\DCMS.Infrastructure\DCMS.Infrastructure.csproj : warning NU1903: Package 'AutoMapper' 13.0.1 has a known high severity vulnerability, https://github.com/advisories/GHSA-rvv3-g6hj-g44x
C:\Users\dell\source\repos\DCMS\DCMS.Infrastructure\DCMS.Infrastructure.csproj : warning NU1903: Package 'Newtonsoft.Json' 11.0.1 has a known high severity vulnerability, https://github.com/advisories/GHSA-5crp-9r3c-p9vr
C:\Users\dell\source\repos\DCMS\DCMS.WebAPI\DCMS.WebAPI.csproj : warning NU1903: Package 'AutoMapper' 13.0.1 has a known high severity vulnerability, https://github.com/advisories/GHSA-rvv3-g6hj-g44x
C:\Users\dell\source\repos\DCMS\DCMS.WebAPI\DCMS.WebAPI.csproj : warning NU1903: Package 'Newtonsoft.Json' 11.0.1 has a known high severity vulnerability, https://github.com/advisories/GHSA-5crp-9r3c-p9vr
C:\Users\dell\source\repos\DCMS\DCMS.Application\DCMS.Application.csproj : warning NU1903: Package 'AutoMapper' 13.0.1 has a known high severity vulnerability, https://github.com/advisories/GHSA-rvv3-g6hj-g44x
  DCMS.Domain -> C:\Users\dell\source\repos\DCMS\DCMS.Domain\bin\Debug\net10.0\DCMS.Domain.dll
C:\Users\dell\source\repos\DCMS\DCMS.Application\Interfaces\IAppDbContext.cs(2,17): error CS0234: The type or namespace name 'EntityFrameworkCore' does not exist in the namespace 'Microsoft' (are you missing an assembly reference?) [C:\Users\dell\source\repos\DCMS\DCMS.Application\DCMS.Application.csproj]
C:\Users\dell\source\repos\DCMS\DCMS.Application\Interfaces\IAppDbContext.cs(13,5): error CS0246: The type or namespace name 'DbSet<>' could not be found (are you missing a using directive or an assembly reference?) [C:\Users\dell\source\repos\DCMS\DCMS.Application\DCMS.Application.csproj]
C:\Users\dell\source\repos\DCMS\DCMS.Application\Interfaces\IAppDbContext.cs(16,5): error CS0246: The type or namespace name 'DbSet<>' could not be found (are you missing a using directive or an assembly reference?) [C:\Users\dell\source\repos\DCMS\DCMS.Application\DCMS.Application.csproj]
C:\Users\dell\source\repos\DCMS\DCMS.Application\Interfaces\IAppDbContext.cs(17,5): error CS0246: The type or namespace name 'DbSet<>' could not be found (are you missing a using directive or an assembly reference?) [C:\Users\dell\source\repos\DCMS\DCMS.Application\DCMS.Application.csproj]
C:\Users\dell\source\repos\DCMS\DCMS.Application\Interfaces\IAppDbContext.cs(18,5): error CS0246: The type or namespace name 'DbSet<>' could not be found (are you missing a using directive or an assembly reference?) [C:\Users\dell\source\repos\DCMS\DCMS.Application\DCMS.Application.csproj]
C:\Users\dell\source\repos\DCMS\DCMS.Application\Interfaces\IAppDbContext.cs(19,5): error CS0246: The type or namespace name 'DbSet<>' could not be found (are you missing a using directive or an assembly reference?) [C:\Users\dell\source\repos\DCMS\DCMS.Application\DCMS.Application.csproj]
C:\Users\dell\source\repos\DCMS\DCMS.Application\Interfaces\IAppDbContext.cs(22,5): error CS0246: The type or namespace name 'DbSet<>' could not be found (are you missing a using directive or an assembly reference?) [C:\Users\dell\source\repos\DCMS\DCMS.Application\DCMS.Application.csproj]
C:\Users\dell\source\repos\DCMS\DCMS.Application\Interfaces\IAppDbContext.cs(25,5): error CS0246: The type or namespace name 'DbSet<>' could not be found (are you missing a using directive or an assembly reference?) [C:\Users\dell\source\repos\DCMS\DCMS.Application\DCMS.Application.csproj]
C:\Users\dell\source\repos\DCMS\DCMS.Application\Interfaces\IAppDbContext.cs(26,5): error CS0246: The type or namespace name 'DbSet<>' could not be found (are you missing a using directive or an assembly reference?) [C:\Users\dell\source\repos\DCMS\DCMS.Application\DCMS.Application.csproj]
C:\Users\dell\source\repos\DCMS\DCMS.Application\Interfaces\IAppDbContext.cs(29,5): error CS0246: The type or namespace name 'DbSet<>' could not be found (are you missing a using directive or an assembly reference?) [C:\Users\dell\source\repos\DCMS\DCMS.Application\DCMS.Application.csproj]
C:\Users\dell\source\repos\DCMS\DCMS.Application\Interfaces\IAppDbContext.cs(32,5): error CS0246: The type or namespace name 'DbSet<>' could not be found (are you missing a using directive or an assembly reference?) [C:\Users\dell\source\repos\DCMS\DCMS.Application\DCMS.Application.csproj]
C:\Users\dell\source\repos\DCMS\DCMS.Application\Interfaces\IAppDbContext.cs(33,5): error CS0246: The type or namespace name 'DbSet<>' could not be found (are you missing a using directive or an assembly reference?) [C:\Users\dell\source\repos\DCMS\DCMS.Application\DCMS.Application.csproj]
C:\Users\dell\source\repos\DCMS\DCMS.Application\Interfaces\IAppDbContext.cs(34,5): error CS0246: The type or namespace name 'DbSet<>' could not be found (are you missing a using directive or an assembly reference?) [C:\Users\dell\source\repos\DCMS\DCMS.Application\DCMS.Application.csproj]
C:\Users\dell\source\repos\DCMS\DCMS.Application\Interfaces\IAppDbContext.cs(35,5): error CS0246: The type or namespace name 'DbSet<>' could not be found (are you missing a using directive or an assembly reference?) [C:\Users\dell\source\repos\DCMS\DCMS.Application\DCMS.Application.csproj]
C:\Users\dell\source\repos\DCMS\DCMS.Application\Interfaces\IAppDbContext.cs(38,5): error CS0246: The type or namespace name 'DbSet<>' could not be found (are you missing a using directive or an assembly reference?) [C:\Users\dell\source\repos\DCMS\DCMS.Application\DCMS.Application.csproj]
C:\Users\dell\source\repos\DCMS\DCMS.Application\Interfaces\IAppDbContext.cs(39,5): error CS0246: The type or namespace name 'DbSet<>' could not be found (are you missing a using directive or an assembly reference?) [C:\Users\dell\source\repos\DCMS\DCMS.Application\DCMS.Application.csproj]
C:\Users\dell\source\repos\DCMS\DCMS.Application\Interfaces\IAppDbContext.cs(42,5): error CS0246: The type or namespace name 'DbSet<>' could not be found (are you missing a using directive or an assembly reference?) [C:\Users\dell\source\repos\DCMS\DCMS.Application\DCMS.Application.csproj]
C:\Users\dell\source\repos\DCMS\DCMS.Application\Interfaces\IAppDbContext.cs(42,11): error CS0246: The type or namespace name 'Revenue' could not be found (are you missing a using directive or an assembly reference?) [C:\Users\dell\source\repos\DCMS\DCMS.Application\DCMS.Application.csproj]
C:\Users\dell\source\repos\DCMS\DCMS.Application\Interfaces\IAppDbContext.cs(45,5): error CS0246: The type or namespace name 'DbSet<>' could not be found (are you missing a using directive or an assembly reference?) [C:\Users\dell\source\repos\DCMS\DCMS.Application\DCMS.Application.csproj]
C:\Users\dell\source\repos\DCMS\DCMS.Application\Services\OwnerService.cs(241,38): error CS0246: The type or namespace name 'ScheduleChangeRequestResponseDto' could not be found (are you missing a using directive or an assembly reference?) [C:\Users\dell\source\repos\DCMS\DCMS.Application\DCMS.Application.csproj]
C:\Users\dell\source\repos\DCMS\DCMS.Application\Services\OwnerService.cs(253,23): error CS0246: The type or namespace name 'ScheduleChangeRequestResponseDto' could not be found (are you missing a using directive or an assembly reference?) [C:\Users\dell\source\repos\DCMS\DCMS.Application\DCMS.Application.csproj]
C:\Users\dell\source\repos\DCMS\DCMS.Application\Services\OwnerService.cs(284,23): error CS0246: The type or namespace name 'ScheduleChangeRequestResponseDto' could not be found (are you missing a using directive or an assembly reference?) [C:\Users\dell\source\repos\DCMS\DCMS.Application\DCMS.Application.csproj]
C:\Users\dell\source\repos\DCMS\DCMS.Application\Services\OwnerService.cs(316,20): error CS0246: The type or namespace name 'ScheduleChangeRequestResponseDto' could not be found (are you missing a using directive or an assembly reference?) [C:\Users\dell\source\repos\DCMS\DCMS.Application\DCMS.Application.csproj]
C:\Users\dell\source\repos\DCMS\DCMS.Application\Services\OwnerService.cs(12,29): error CS0738: 'OwnerService' does not implement interface member 'IOwnerService.GetPendingScheduleRequestsAsync(int, int, CancellationToken)'. 'OwnerService.GetPendingScheduleRequestsAsync(int, int, CancellationToken)' cannot implement 'IOwnerService.GetPendingScheduleRequestsAsync(int, int, CancellationToken)' because it does not have the matching return type of 'Task<PagedResultDto<ScheduleChangeRequestResponseDto>>'. [C:\Users\dell\source\repos\DCMS\DCMS.Application\DCMS.Application.csproj]
C:\Users\dell\source\repos\DCMS\DCMS.Application\Services\OwnerService.cs(12,29): error CS0738: 'OwnerService' does not implement interface member 'IOwnerService.ApproveScheduleRequestAsync(int, int, CancellationToken)'. 'OwnerService.ApproveScheduleRequestAsync(int, int, CancellationToken)' cannot implement 'IOwnerService.ApproveScheduleRequestAsync(int, int, CancellationToken)' because it does not have the matching return type of 'Task<ScheduleChangeRequestResponseDto>'. [C:\Users\dell\source\repos\DCMS\DCMS.Application\DCMS.Application.csproj]
C:\Users\dell\source\repos\DCMS\DCMS.Application\Services\OwnerService.cs(12,29): error CS0738: 'OwnerService' does not implement interface member 'IOwnerService.RejectScheduleRequestAsync(int, int, string?, CancellationToken)'. 'OwnerService.RejectScheduleRequestAsync(int, int, string?, CancellationToken)' cannot implement 'IOwnerService.RejectScheduleRequestAsync(int, int, string?, CancellationToken)' because it does not have the matching return type of 'Task<ScheduleChangeRequestResponseDto>'. [C:\Users\dell\source\repos\DCMS\DCMS.Application\DCMS.Application.csproj]

Build FAILED.

C:\Users\dell\source\repos\DCMS\DCMS.Application\DCMS.Application.csproj : warning NU1903: Package 'AutoMapper' 13.0.1 has a known high severity vulnerability, https://github.com/advisories/GHSA-rvv3-g6hj-g44x [C:\Users\dell\source\repos\DCMS\DCMS.slnx]
C:\Users\dell\source\repos\DCMS\DCMS.WebAPI\DCMS.WebAPI.csproj : warning NU1903: Package 'AutoMapper' 13.0.1 has a known high severity vulnerability, https://github.com/advisories/GHSA-rvv3-g6hj-g44x [C:\Users\dell\source\repos\DCMS\DCMS.slnx]
C:\Users\dell\source\repos\DCMS\DCMS.WebAPI\DCMS.WebAPI.csproj : warning NU1903: Package 'Newtonsoft.Json' 11.0.1 has a known high severity vulnerability, https://github.com/advisories/GHSA-5crp-9r3c-p9vr [C:\Users\dell\source\repos\DCMS\DCMS.slnx]
C:\Users\dell\source\repos\DCMS\DCMS.Infrastructure\DCMS.Infrastructure.csproj : warning NU1903: Package 'AutoMapper' 13.0.1 has a known high severity vulnerability, https://github.com/advisories/GHSA-rvv3-g6hj-g44x [C:\Users\dell\source\repos\DCMS\DCMS.slnx]
C:\Users\dell\source\repos\DCMS\DCMS.Infrastructure\DCMS.Infrastructure.csproj : warning NU1903: Package 'Newtonsoft.Json' 11.0.1 has a known high severity vulnerability, https://github.com/advisories/GHSA-5crp-9r3c-p9vr [C:\Users\dell\source\repos\DCMS\DCMS.slnx]
C:\Users\dell\source\repos\DCMS\DCMS.Infrastructure\DCMS.Infrastructure.csproj : warning NU1903: Package 'AutoMapper' 13.0.1 has a known high severity vulnerability, https://github.com/advisories/GHSA-rvv3-g6hj-g44x
C:\Users\dell\source\repos\DCMS\DCMS.Infrastructure\DCMS.Infrastructure.csproj : warning NU1903: Package 'Newtonsoft.Json' 11.0.1 has a known high severity vulnerability, https://github.com/advisories/GHSA-5crp-9r3c-p9vr
C:\Users\dell\source\repos\DCMS\DCMS.WebAPI\DCMS.WebAPI.csproj : warning NU1903: Package 'AutoMapper' 13.0.1 has a known high severity vulnerability, https://github.com/advisories/GHSA-rvv3-g6hj-g44x
C:\Users\dell\source\repos\DCMS\DCMS.WebAPI\DCMS.WebAPI.csproj : warning NU1903: Package 'Newtonsoft.Json' 11.0.1 has a known high severity vulnerability, https://github.com/advisories/GHSA-5crp-9r3c-p9vr
C:\Users\dell\source\repos\DCMS\DCMS.Application\DCMS.Application.csproj : warning NU1903: Package 'AutoMapper' 13.0.1 has a known high severity vulnerability, https://github.com/advisories/GHSA-rvv3-g6hj-g44x
C:\Users\dell\source\repos\DCMS\DCMS.Application\Interfaces\IAppDbContext.cs(2,17): error CS0234: The type or namespace name 'EntityFrameworkCore' does not exist in the namespace 'Microsoft' (are you missing an assembly reference?) [C:\Users\dell\source\repos\DCMS\DCMS.Application\DCMS.Application.csproj]
C:\Users\dell\source\repos\DCMS\DCMS.Application\Interfaces\IAppDbContext.cs(13,5): error CS0246: The type or namespace name 'DbSet<>' could not be found (are you missing a using directive or an assembly reference?) [C:\Users\dell\source\repos\DCMS\DCMS.Application\DCMS.Application.csproj]
C:\Users\dell\source\repos\DCMS\DCMS.Application\Interfaces\IAppDbContext.cs(16,5): error CS0246: The type or namespace name 'DbSet<>' could not be found (are you missing a using directive or an assembly reference?) [C:\Users\dell\source\repos\DCMS\DCMS.Application\DCMS.Application.csproj]
C:\Users\dell\source\repos\DCMS\DCMS.Application\Interfaces\IAppDbContext.cs(17,5): error CS0246: The type or namespace name 'DbSet<>' could not be found (are you missing a using directive or an assembly reference?) [C:\Users\dell\source\repos\DCMS\DCMS.Application\DCMS.Application.csproj]
C:\Users\dell\source\repos\DCMS\DCMS.Application\Interfaces\IAppDbContext.cs(18,5): error CS0246: The type or namespace name 'DbSet<>' could not be found (are you missing a using directive or an assembly reference?) [C:\Users\dell\source\repos\DCMS\DCMS.Application\DCMS.Application.csproj]
C:\Users\dell\source\repos\DCMS\DCMS.Application\Interfaces\IAppDbContext.cs(19,5): error CS0246: The type or namespace name 'DbSet<>' could not be found (are you missing a using directive or an assembly reference?) [C:\Users\dell\source\repos\DCMS\DCMS.Application\DCMS.Application.csproj]
C:\Users\dell\source\repos\DCMS\DCMS.Application\Interfaces\IAppDbContext.cs(22,5): error CS0246: The type or namespace name 'DbSet<>' could not be found (are you missing a using directive or an assembly reference?) [C:\Users\dell\source\repos\DCMS\DCMS.Application\DCMS.Application.csproj]
C:\Users\dell\source\repos\DCMS\DCMS.Application\Interfaces\IAppDbContext.cs(25,5): error CS0246: The type or namespace name 'DbSet<>' could not be found (are you missing a using directive or an assembly reference?) [C:\Users\dell\source\repos\DCMS\DCMS.Application\DCMS.Application.csproj]
C:\Users\dell\source\repos\DCMS\DCMS.Application\Interfaces\IAppDbContext.cs(26,5): error CS0246: The type or namespace name 'DbSet<>' could not be found (are you missing a using directive or an assembly reference?) [C:\Users\dell\source\repos\DCMS\DCMS.Application\DCMS.Application.csproj]
C:\Users\dell\source\repos\DCMS\DCMS.Application\Interfaces\IAppDbContext.cs(29,5): error CS0246: The type or namespace name 'DbSet<>' could not be found (are you missing a using directive or an assembly reference?) [C:\Users\dell\source\repos\DCMS\DCMS.Application\DCMS.Application.csproj]
C:\Users\dell\source\repos\DCMS\DCMS.Application\Interfaces\IAppDbContext.cs(32,5): error CS0246: The type or namespace name 'DbSet<>' could not be found (are you missing a using directive or an assembly reference?) [C:\Users\dell\source\repos\DCMS\DCMS.Application\DCMS.Application.csproj]
C:\Users\dell\source\repos\DCMS\DCMS.Application\Interfaces\IAppDbContext.cs(33,5): error CS0246: The type or namespace name 'DbSet<>' could not be found (are you missing a using directive or an assembly reference?) [C:\Users\dell\source\repos\DCMS\DCMS.Application\DCMS.Application.csproj]
C:\Users\dell\source\repos\DCMS\DCMS.Application\Interfaces\IAppDbContext.cs(34,5): error CS0246: The type or namespace name 'DbSet<>' could not be found (are you missing a using directive or an assembly reference?) [C:\Users\dell\source\repos\DCMS\DCMS.Application\DCMS.Application.csproj]
C:\Users\dell\source\repos\DCMS\DCMS.Application\Interfaces\IAppDbContext.cs(35,5): error CS0246: The type or namespace name 'DbSet<>' could not be found (are you missing a using directive or an assembly reference?) [C:\Users\dell\source\repos\DCMS\DCMS.Application\DCMS.Application.csproj]
C:\Users\dell\source\repos\DCMS\DCMS.Application\Interfaces\IAppDbContext.cs(38,5): error CS0246: The type or namespace name 'DbSet<>' could not be found (are you missing a using directive or an assembly reference?) [C:\Users\dell\source\repos\DCMS\DCMS.Application\DCMS.Application.csproj]
C:\Users\dell\source\repos\DCMS\DCMS.Application\Interfaces\IAppDbContext.cs(39,5): error CS0246: The type or namespace name 'DbSet<>' could not be found (are you missing a using directive or an assembly reference?) [C:\Users\dell\source\repos\DCMS\DCMS.Application\DCMS.Application.csproj]
C:\Users\dell\source\repos\DCMS\DCMS.Application\Interfaces\IAppDbContext.cs(42,5): error CS0246: The type or namespace name 'DbSet<>' could not be found (are you missing a using directive or an assembly reference?) [C:\Users\dell\source\repos\DCMS\DCMS.Application\DCMS.Application.csproj]
C:\Users\dell\source\repos\DCMS\DCMS.Application\Interfaces\IAppDbContext.cs(42,11): error CS0246: The type or namespace name 'Revenue' could not be found (are you missing a using directive or an assembly reference?) [C:\Users\dell\source\repos\DCMS\DCMS.Application\DCMS.Application.csproj]
C:\Users\dell\source\repos\DCMS\DCMS.Application\Interfaces\IAppDbContext.cs(45,5): error CS0246: The type or namespace name 'DbSet<>' could not be found (are you missing a using directive or an assembly reference?) [C:\Users\dell\source\repos\DCMS\DCMS.Application\DCMS.Application.csproj]
C:\Users\dell\source\repos\DCMS\DCMS.Application\Services\OwnerService.cs(241,38): error CS0246: The type or namespace name 'ScheduleChangeRequestResponseDto' could not be found (are you missing a using directive or an assembly reference?) [C:\Users\dell\source\repos\DCMS\DCMS.Application\DCMS.Application.csproj]
C:\Users\dell\source\repos\DCMS\DCMS.Application\Services\OwnerService.cs(253,23): error CS0246: The type or namespace name 'ScheduleChangeRequestResponseDto' could not be found (are you missing a using directive or an assembly reference?) [C:\Users\dell\source\repos\DCMS\DCMS.Application\DCMS.Application.csproj]
C:\Users\dell\source\repos\DCMS\DCMS.Application\Services\OwnerService.cs(284,23): error CS0246: The type or namespace name 'ScheduleChangeRequestResponseDto' could not be found (are you missing a using directive or an assembly reference?) [C:\Users\dell\source\repos\DCMS\DCMS.Application\DCMS.Application.csproj]
C:\Users\dell\source\repos\DCMS\DCMS.Application\Services\OwnerService.cs(316,20): error CS0246: The type or namespace name 'ScheduleChangeRequestResponseDto' could not be found (are you missing a using directive or an assembly reference?) [C:\Users\dell\source\repos\DCMS\DCMS.Application\DCMS.Application.csproj]
C:\Users\dell\source\repos\DCMS\DCMS.Application\Services\OwnerService.cs(12,29): error CS0738: 'OwnerService' does not implement interface member 'IOwnerService.GetPendingScheduleRequestsAsync(int, int, CancellationToken)'. 'OwnerService.GetPendingScheduleRequestsAsync(int, int, CancellationToken)' cannot implement 'IOwnerService.GetPendingScheduleRequestsAsync(int, int, CancellationToken)' because it does not have the matching return type of 'Task<PagedResultDto<ScheduleChangeRequestResponseDto>>'. [C:\Users\dell\source\repos\DCMS\DCMS.Application\DCMS.Application.csproj]
C:\Users\dell\source\repos\DCMS\DCMS.Application\Services\OwnerService.cs(12,29): error CS0738: 'OwnerService' does not implement interface member 'IOwnerService.ApproveScheduleRequestAsync(int, int, CancellationToken)'. 'OwnerService.ApproveScheduleRequestAsync(int, int, CancellationToken)' cannot implement 'IOwnerService.ApproveScheduleRequestAsync(int, int, CancellationToken)' because it does not have the matching return type of 'Task<ScheduleChangeRequestResponseDto>'. [C:\Users\dell\source\repos\DCMS\DCMS.Application\DCMS.Application.csproj]
C:\Users\dell\source\repos\DCMS\DCMS.Application\Services\OwnerService.cs(12,29): error CS0738: 'OwnerService' does not implement interface member 'IOwnerService.RejectScheduleRequestAsync(int, int, string?, CancellationToken)'. 'OwnerService.RejectScheduleRequestAsync(int, int, string?, CancellationToken)' cannot implement 'IOwnerService.RejectScheduleRequestAsync(int, int, string?, CancellationToken)' because it does not have the matching return type of 'Task<ScheduleChangeRequestResponseDto>'. [C:\Users\dell\source\repos\DCMS\DCMS.Application\DCMS.Application.csproj]
    10 Warning(s)
    26 Error(s)

Time Elapsed 00:00:01.28
